   Compiling fray v0.2.1 (/private/tmp/fray-outstanding-motes)
    Finished `dev` profile [unoptimized + debuginfo] target(s) in 4.50s
{
  "checks": [
    "nonzero admitted Mote review leaves no Fray verdict; exact-key recovery confirms acceptance",
    "request -> accepted Mote block; identical request retry deduplicates despite changed review state",
    "verified successor creates immutable review, carries open objection, copies no approval",
    "completed approval retry reports historical receipt and preserves later authoritative Mote block",
    "actual main advance reports local evidence mismatch to producers without re-waking reviewer",
    "readonly landing check leaves Git unchanged; proposer self approval refused",
    "revocation after eligibility check refuses landing without ref change",
    "fenced real fast-forward completed; unrelated Fray RPC during blocked Mote returned in 0.0167s",
    "exact-key landing retry reads historical receipt without another Git mutation",
    "actual client SIGKILL after Mote archive leaves exact pending request with no receipt checkpoint",
    "archived nonzero drift refuses without reset; exact-target restoration recovers historical completion"
  ],
  "passed": 11,
  "fray_binary": "/private/tmp/fray-outstanding-motes/target/debug/fray",
  "mote_binary": "/private/tmp/mote-63454fe-contract-check/target/debug/mote",
  "paid_trials": false,
  "shared_stores_touched": false
}
{
  "passed": 6,
  "checks": [
    "two concurrent explicit accepts produce exactly one current Mote winner and one claim publication",
    "post-admission handoff failure remains pending; exact-key resume confirms transfer while sender carrier stays reserved",
    "interrupted carrier close/adopt resumes with no observed unreserved interval; repeated adoption resume does not renew",
    "competitor during carrier orphan interval reports loss to both parties and never claims held paths",
    "expiry during carrier orphan interval reports loss to both parties and never claims held paths",
    "disappearance notifies sender immediately, preserves live Mote claim, then requeues after actual bounded expiry"
  ],
  "fray_binary": "/private/tmp/fray-outstanding-motes/target/debug/fray",
  "mote_binary": "/private/tmp/mote-63454fe-contract-check/target/debug/mote",
  "paid_trials": false,
  "shared_stores_touched": false
}
{"passed": 5, "checks": ["transfer between history/board reads retries to the actual holder", "continuous history churn refuses after bounded reads", "committed confirmation plus lost finalization/renewal/new host session recovers exact saved response", "no committed response plus ended attempt refuses without old-session replay or claim reacquisition", "work issue cannot be its own closable carrier"], "synthetic_public_cli": true, "paid_trials": false, "shared_stores_touched": false}
{"passed": 5, "checks": ["empty admitted seed has a nullable initialized anchor; first claim is read", "due projection behind future raw cursor reaches holder once without advancing anchor", "later admitted earlier-spelled claim advances feed anchor and remains quiet on retry", "three admitted-feed timeouts preserve exact cursor and revision", "populated admitted seed suppresses old handoffs and unchanged sync stays quiet"], "synthetic_public_cli": true, "paid_trials": false, "shared_stores_touched": false}
