test_adapter_fallback_and_doctor_against_old_attention_protocol (__main__.Attention.test_adapter_fallback_and_doctor_against_old_attention_protocol) ... ok
test_adapter_monitor_delegates_to_the_same_generic_stream (__main__.Attention.test_adapter_monitor_delegates_to_the_same_generic_stream) ... ok
test_adapter_rewake_exit_mapping_and_managed_child_suppression (__main__.Attention.test_adapter_rewake_exit_mapping_and_managed_child_suppression) ... ok
test_attention_protocol_has_no_global_offset_and_errors_stay_off_stdout (__main__.Attention.test_attention_protocol_has_no_global_offset_and_errors_stay_off_stdout) ... ok
test_attention_stream_rejects_inbound_frames_instead_of_swallowing_them (__main__.Attention.test_attention_stream_rejects_inbound_frames_instead_of_swallowing_them) ... ok
test_broadcast_watch_still_accepts_inherited_attention_selection (__main__.Attention.test_broadcast_watch_still_accepts_inherited_attention_selection) ... ok
test_compact_notification_retains_receipt_and_fetches_full_body (__main__.Attention.test_compact_notification_retains_receipt_and_fetches_full_body) ... ok
test_control_readiness_is_not_emitted_for_a_left_identity (__main__.Attention.test_control_readiness_is_not_emitted_for_a_left_identity) ... ok
test_doctor_is_read_only_and_distinguishes_manual_and_expired_activation (__main__.Attention.test_doctor_is_read_only_and_distinguishes_manual_and_expired_activation) ... ok
test_doctor_reports_unavailable_without_starting_daemon (__main__.Attention.test_doctor_reports_unavailable_without_starting_daemon) ... ok
test_duplicate_listener_and_driver_cannot_compete (__main__.Attention.test_duplicate_listener_and_driver_cannot_compete) ... ok
test_expired_own_connection_reconnects_but_leave_does_not (__main__.Attention.test_expired_own_connection_reconnects_but_leave_does_not) ... ok
test_fixed_window_coalesces_burst_and_receipts_stay_pending (__main__.Attention.test_fixed_window_coalesces_burst_and_receipts_stay_pending) ... ok
test_killed_idle_listener_is_released_and_replaced_within_one_second (__main__.Attention.test_killed_idle_listener_is_released_and_replaced_within_one_second) ... ok
test_kind_and_priority_selection_match_wait_inbox_and_watch (__main__.Attention.test_kind_and_priority_selection_match_wait_inbox_and_watch) ... ok
test_notification_previews_latest_reply_instead_of_opening_title (__main__.Attention.test_notification_previews_latest_reply_instead_of_opening_title) ... ok
test_once_timeout_and_explicit_leave_have_distinct_outcomes (__main__.Attention.test_once_timeout_and_explicit_leave_have_distinct_outcomes) ... ok
test_opt_in_control_frames_fence_disconnect_and_reconnect (__main__.Attention.test_opt_in_control_frames_fence_disconnect_and_reconnect) ... ok
test_priority_backlog_and_newly_followed_old_card_are_not_skipped (__main__.Attention.test_priority_backlog_and_newly_followed_old_card_are_not_skipped) ... ok
test_quiet_heartbeat_and_unrelated_traffic_never_reach_stdout (__main__.Attention.test_quiet_heartbeat_and_unrelated_traffic_never_reach_stdout) ... ok
test_reconnect_after_daemon_crash_recovers_unacked_exact_versions (__main__.Attention.test_reconnect_after_daemon_crash_recovers_unacked_exact_versions) ... ok
test_reconnect_rejects_replaced_database (__main__.Attention.test_reconnect_rejects_replaced_database) ... ok
test_review_candidate_and_stale_verdict_survive_bounded_wake (__main__.Attention.test_review_candidate_and_stale_verdict_survive_bounded_wake) ... ok
test_unread_cli_paginates_before_ack_and_keeps_later_reply_pending (__main__.Attention.test_unread_cli_paginates_before_ack_and_keeps_later_reply_pending) ... ok
test_urgent_bypasses_settlement_and_continuous_traffic_cannot_starve (__main__.Attention.test_urgent_bypasses_settlement_and_continuous_traffic_cannot_starve) ... ok
test_wait_filters_match_attention_and_do_not_consume_hidden_receipts (__main__.Attention.test_wait_filters_match_attention_and_do_not_consume_hidden_receipts) ... ok
test_wait_none_daemon_failure_and_cancel_release_connections (__main__.Attention.test_wait_none_daemon_failure_and_cancel_release_connections) ... ok
test_wait_none_exits_only_for_selected_attention_and_resumes_from_exact_ack (__main__.Attention.test_wait_none_exits_only_for_selected_attention_and_resumes_from_exact_ack) ... ok

----------------------------------------------------------------------
Ran 28 tests in 27.904s

OK
